
> vite_react_shadcn_ts@0.0.0 test
> vitest --run


[1m[46m RUN [49m[22m [36mv3.2.4 [39m[90mC:/Users/42195/Documents/git-connect-hub[39m

 [32m✓[39m src/components/booking/__tests__/ClientDetailsForm.test.tsx [2m([22m[2m11 tests[22m[2m)[22m[33m 371[2mms[22m[39m
stderr | src/__tests__/errors/ErrorStates.test.tsx > Error State Tests > Hook Error States > useServices should handle network error
Error fetching services: { message: 'Network error', code: 'NETWORK_ERROR' }

stderr | src/__tests__/errors/ErrorStates.test.tsx > Error State Tests > Hook Error States > useClientBookings should handle auth error
Error fetching bookings: { message: 'JWT expired', code: '401' }

stderr | src/__tests__/a11y/Accessibility.test.tsx > Accessibility Tests > Footer a11y > should have semantic footer element
⚠️ React Router Future Flag Warning: React Router will begin wrapping state updates in `React.startTransition` in v7. You can use the `v7_startTransition` future flag to opt-in early. For more information, see https://reactrouter.com/v6/upgrading/future#v7_starttransition.
⚠️ React Router Future Flag Warning: Relative route resolution within Splat routes is changing in v7. You can use the `v7_relativeSplatPath` future flag to opt-in early. For more information, see https://reactrouter.com/v6/upgrading/future#v7_relativesplatpath.

 [31m❯[39m src/hooks/__tests__/useCreateBooking.test.ts [2m([22m[2m5 tests[22m[2m | [22m[31m1 failed[39m[2m)[22m[33m 648[2mms[22m[39m
[31m   [31m×[31m useCreateBooking[2m > [22mshould call create-booking edge function with correct payload[39m[32m 142[2mms[22m[39m
[31m     → expected "spy" to be called with arguments: [ Array(2) ][90m

Received: 

[1m  1st spy call:

[22m[33m@@ -3,11 +3,13 @@[90m
[2m    {[22m
[2m      "body": {[22m
[2m        "client_email": "test@example.com",[22m
[2m        "client_name": "Test User",[22m
[2m        "client_phone": "+421900000000",[22m
[31m+       "client_request_id": undefined,[90m
[2m        "date": "2026-03-15",[22m
[31m+       "employee_id": null,[90m
[2m        "notes": "Test note",[22m
[2m        "service_id": "svc-1",[22m
[2m        "time_slot": "10:00",[22m
[2m      },[22m
[2m    },[22m
[31m[90m

Number of calls: [1m1[22m
[31m[39m
   [32m✓[39m useCreateBooking[2m > [22mshould handle edge function error[32m 112[2mms[22m[39m
   [32m✓[39m useCreateBooking[2m > [22mshould extract a clean message from 429 edge function responses[32m 147[2mms[22m[39m
   [32m✓[39m useCreateBooking[2m > [22mshould handle business logic error from response[32m 154[2mms[22m[39m
   [32m✓[39m useCreateBooking[2m > [22mshould send null for empty notes[32m 88[2mms[22m[39m
stderr | src/__tests__/errors/ErrorStates.test.tsx > Error State Tests > Page Error States > NotFound page should display 404 with navigation
⚠️ React Router Future Flag Warning: React Router will begin wrapping state updates in `React.startTransition` in v7. You can use the `v7_startTransition` future flag to opt-in early. For more information, see https://reactrouter.com/v6/upgrading/future#v7_starttransition.
⚠️ React Router Future Flag Warning: Relative route resolution within Splat routes is changing in v7. You can use the `v7_relativeSplatPath` future flag to opt-in early. For more information, see https://reactrouter.com/v6/upgrading/future#v7_relativesplatpath.

 [32m✓[39m src/__tests__/a11y/Accessibility.test.tsx [2m([22m[2m12 tests[22m[2m)[22m[33m 797[2mms[22m[39m
 [32m✓[39m src/__tests__/errors/ErrorStates.test.tsx [2m([22m[2m8 tests[22m[2m)[22m[33m 701[2mms[22m[39m
stderr | src/components/booking/__tests__/CancelBooking.test.tsx > CancelBooking > should show error state on network error
Error verifying booking: Error: Network error
    at C:\Users\42195\Documents\git-connect-hub\src\components\booking\__tests__\CancelBooking.test.tsx:209:38
    at file:///C:/Users/42195/Documents/git-connect-hub/node_modules/@vitest/runner/dist/chunk-hooks.js:155:11
    at file:///C:/Users/42195/Documents/git-connect-hub/node_modules/@vitest/runner/dist/chunk-hooks.js:752:26
    at file:///C:/Users/42195/Documents/git-connect-hub/node_modules/@vitest/runner/dist/chunk-hooks.js:1897:20
    at new Promise (<anonymous>)
    at runWithTimeout (file:///C:/Users/42195/Documents/git-connect-hub/node_modules/@vitest/runner/dist/chunk-hooks.js:1863:10)
    at runTest (file:///C:/Users/42195/Documents/git-connect-hub/node_modules/@vitest/runner/dist/chunk-hooks.js:1574:12)
    at runSuite (file:///C:/Users/42195/Documents/git-connect-hub/node_modules/@vitest/runner/dist/chunk-hooks.js:1729:8)
    at runSuite (file:///C:/Users/42195/Documents/git-connect-hub/node_modules/@vitest/runner/dist/chunk-hooks.js:1729:8)
    at runFiles (file:///C:/Users/42195/Documents/git-connect-hub/node_modules/@vitest/runner/dist/chunk-hooks.js:1787:3)

 [32m✓[39m src/components/booking/__tests__/CancelBooking.test.tsx [2m([22m[2m9 tests[22m[2m)[22m[33m 757[2mms[22m[39m
 [32m✓[39m src/components/booking/__tests__/Confirmation.test.tsx [2m([22m[2m13 tests[22m[2m)[22m[33m 883[2mms[22m[39m
 [31m❯[39m src/hooks/__tests__/useTimeSlots.test.ts [2m([22m[2m5 tests[22m[2m | [22m[31m3 failed[39m[2m)[22m[33m 3323[2mms[22m[39m
   [32m✓[39m useTimeSlots[2m > [22mshould be disabled when selectedDate is null[32m 44[2mms[22m[39m
   [32m✓[39m useTimeSlots[2m > [22mshould return empty array for blocked dates[32m 70[2mms[22m[39m
[31m   [31m×[31m useTimeSlots[2m > [22mshould generate time slots from config[39m[33m 1100[2mms[22m[39m
[31m     → expected false to be true // Object.is equality

Ignored nodes: comments, script, style
[36m<html>[31m
  [36m<head />[31m
  [36m<body>[31m
    [36m<div />[31m
  [36m</body>[31m
[36m</html>[31m[39m
[31m   [31m×[31m useTimeSlots[2m > [22mshould mark slots as unavailable when fully booked[39m[33m 1058[2mms[22m[39m
[31m     → expected false to be true // Object.is equality

Ignored nodes: comments, script, style
[36m<html>[31m
  [36m<head />[31m
  [36m<body>[31m
    [36m<div />[31m
  [36m</body>[31m
[36m</html>[31m[39m
[31m   [31m×[31m useTimeSlots[2m > [22mshould carry occupied state to the starting slot for multi-slot services[39m[33m 1046[2mms[22m[39m
[31m     → expected false to be true // Object.is equality

Ignored nodes: comments, script, style
[36m<html>[31m
  [36m<head />[31m
  [36m<body>[31m
    [36m<div />[31m
  [36m</body>[31m
[36m</html>[31m[39m
 [32m✓[39m src/pages/__tests__/ClientAuth.test.tsx [2m([22m[2m9 tests[22m[2m)[22m[33m 2788[2mms[22m[39m
   [33m[2m✓[22m[39m ClientAuth[2m > [22mrenders login and register tabs [33m 445[2mms[22m[39m
   [33m[2m✓[22m[39m ClientAuth[2m > [22mEmail Sign-Up[2m > [22mregisters with valid data [33m 766[2mms[22m[39m
   [33m[2m✓[22m[39m ClientAuth[2m > [22mEmail Sign-Up[2m > [22mshows error toast for already registered email [33m 374[2mms[22m[39m
 [31m❯[39m src/components/booking/__tests__/BookingWizard.test.tsx [2m([22m[2m5 tests[22m[2m | [22m[31m1 failed[39m[2m)[22m[33m 1140[2mms[22m[39m
   [33m[2m✓[22m[39m BookingWizard[2m > [22mshould render the wizard with step sections [33m 310[2mms[22m[39m
[31m   [31m×[31m BookingWizard[2m > [22mshould display services in step 1[39m[32m 228[2mms[22m[39m
[31m     → Found multiple elements with the text: Fyzioterapia

Here are the matching elements:

Ignored nodes: comments, script, style
[36m<h3[31m
  [33mclass[31m=[32m"text-[10px] font-bold uppercase tracking-[0.2em] text-muted-foreground/60 px-1"[31m
[36m>[31m
  [0mFyzioterapia[0m
[36m</h3>[31m

Ignored nodes: comments, script, style
[36m<p[31m
  [33mclass[31m=[32m"text-sm font-medium text-foreground leading-snug"[31m
[36m>[31m
  [0mFyzioterapia[0m
[36m</p>[31m

(If this is intentional, then use the `*AllBy*` variant of the query (like `queryAllByText`, `getAllByText`, or `findAllByText`)).

Ignored nodes: comments, script, style
[36m<body>[31m
  [36m<div>[31m
    [36m<div[31m
      [33mclass[31m=[32m"min-h-app-screen relative flex flex-col"[31m
    [36m>[31m
      [36m<div[31m
        [33mdata-testid[31m=[32m"booking-header"[31m
      [36m>[31m
        [0mHeader[0m
      [36m</div>[31m
      [36m<div[31m
        [33mclass[31m=[32m"container max-w-2xl mx-auto px-4 py-3 sm:py-5 flex-1 relative z-10"[31m
      [36m>[31m
        [36m<section[31m
          [33mclass[31m=[32m"mb-3 sm:mb-4"[31m
        [36m>[31m
          [36m<div[31m
            [33mclass[31m=[32m"flex items-center gap-3"[31m
          [36m>[31m
            [36m<div[31m
              [33manimate[31m=[32m"[object Object]"[31m
              [33mclass[31m=[32m"w-7 h-7 rounded-full flex items-center justify-center text-[11px] font-semibold flex-shrink-0 shadow-[0_8px_20px_rgba(126,195,255,0.12)] bg-white/72 text-[hsl(var(--navy))] border border-[rgba(64,114,163,0.16)] backdrop-blur-md"[31m
              [33mtransition[31m=[32m"[object Object]"[31m
            [36m>[31m
              [36m<span[31m
                [33manimate[31m=[32m"[object Object]"[31m
                [33mexit[31m=[32m"[object Object]"[31m
                [33minitial[31m=[32m"[object Object]"[31m
                [33mtransition[31m=[32m"[object Object]"[31m
              [36m>[31m
                [0m1[0m
              [36m</span>[31m
            [36m</div>[31m
            [36m<span[31m
              [33mclass[31m=[32m"text-sm font-semibold tracking-tight text-[hsl(var(--soft-navy))]"[31m
            [36m>[31m
              [0mVyberte službu[0m
            [36m</span>[31m
          [36m</div>[31m
          [36m<div[31m
            [33mclass[31m=[32m"mt-2"[31m
          [36m>[31m
            [36m<div[31m
              [33mclass[31m=[32m"surface-card p-3 sm:p-4 md:p-5 relative"[31m
            [36m>[31m
              [36m<div[31m
                [33mclass[31m=[32m"relative z-[2]"[31m
              [36m>[31m
                [36m<div[31m
                  [33mclass[31m=[32m"space-y-6"[31m
                [36m>[31m
                  [36m<div[31m
                    [33mclass[31m=[32m"space-y-2"[31m
                  [36m>[31m
                    [36m<h3[31m
                      [33mclass[31m=[32m"text-[10px] font-bold uppercase tracking-[0.2em] text-muted-foreground/60 px-1"[31m
                    [36m>[31m
                      [0mFyzioterapia[0m
                    [36m</h3>[31m
                    [36m<div[31m
                      [33mclass[31m=[32m"space-y-1.5"[31m
                    [36m>[31m
                      [36m<button[31m
                        [33mclass[31m=[32m"w-full flex items-start gap-3 px-3 py-2.5 rounded-xl text-left transition-all duration-300 ease-liquid focus:outline-none focus-visible:ring-2 focus-visible:ring-ring border backdrop-blur-sm border-[var(--glass-border-subtle)] bg-[var(--glass-white)] hover:border-[var(--glass-border)] hover:bg-[var(--glass-white-md)] hover:-translate-y-0.5 hover:shadow-glass"[31m
                      [36m>[31m
                        [36m<div[31m
                          [33mclass[31m=[32m"mt-1 flex-shrink-0"[31m
                        [36m>[31m
                          [36m<div[31m
                            [33mclass[31m=[32m"w-4 h-4 rounded-full border-2 flex items-center justify-center transition-all duration-300 ease-liquid border-muted-foreground/30"[31m
                          [36m/>[31m
                        [36m</div>[31m
                        [36m<div[31m
                          [33mclass[31m=[32m"flex-1 min-w-0"[31m
                        [36m>[31m
                          [36m<div[31m
                            [33mclass[31m=[32m"flex items-center gap-2"[31m
                          [36m>[31m
                            [36m<svg[31m
                              [33mclass[31m=[32m"lucide lucide-activity w-3.5 h-3.5 text-muted-foreground/70"[31m
                              [33mfill[31m=[32m"none"[31m
                              [33mheight[31m=[32m"24"[31m
                              [33mstroke[31m=[32m"currentColor"[31m
                              [33mstroke-linecap[31m=[32m"round"[31m
                              [33mstroke-linejoin[31m=[32m"round"[31m
                              [33mstroke-width[31m=[32m"2"[31m
                              [33mviewBox[31m=[32m"0 0 24 24"[31m
                              [33mwidth[31m=[32m"24"[31m
                              [33mxmlns[31m=[32m"http://www.w3.org/2000/svg"[31m
                            [36m>[31m
                              [36m<path[31m
                                [33md[31m=[32m"M22 12h-2.48a2 2 0 0 0-1.93 1.46l-2.35 8.36a.25.25 0 0 1-.48 0L9.24 2.18a.25.25 0 0 0-.48 0l-2.35 8.36A2 2 0 0 1 4.49 12H2"[31m
                              [36m/>[31m
                            [36m</svg>[31m
                            [36m<p[31m
                              [33mclass[31m=[32m"text-sm font-medium text-foreground leading-snug"[31m
                            [36m>[31m
                              [0mFyzioterapia[0m
                            [36m</p>[31m
                          [36m</div>[31m
                          [36m<p[31m
                            [33mclass[31m=[32m"text-[11px] text-muted-foreground leading-relaxed mt-0.5"[31m
                          [36m>[31m
                            [0mCielené ošetrenie[0m
                            [0m ([0m
                            [0m30[0m
                            [0mmin[0m
                            [0m)[0m
                          [36m</p>[31m
                        [36m</div>[31m
                        [36m<span[31m
                          [33mclass[31m=[32m"text-sm font-bold font-data whitespace-nowrap mt-0.5 transition-colors duration-200 text-foreground"[31m
                        [36m>[31m
                          [0m65[0m
                          [0m €[0m
                        [36m</span>[31m
                      [36m</button>[31m
                    [36m</div>[31m
                  [36m</div>[31m
                [36m</div>[31m
              [36m</div>[31m
            [36m</div>[31m
          [36m</div>[31m
        [36m</section>[31m
        [36m<section[31m
          [33manimate[31m=[32m"[object Object]"[31m
          [33mclass[31m=[32m"mb-3 sm:mb-4 scroll-mt-20 sm:scroll-mt-28 pointer-events-none"[31m
          [33mstyle[31m=[32m"opacity: 0.3;"[31m
          [33mtransition[31m=[32m"[object Object]"[31m
        [36m>[31m
          [36m<div[31m
            [33mclass[31m=[32m"flex items-center gap-6 mb-2"[31m
          [36m>[31m
            [36m<div[31m
              [33mclass[31m=[32m"fl...[39m
   [32m✓[39m BookingWizard[2m > [22mshould show submit button text[32m 92[2mms[22m[39m
   [32m✓[39m BookingWizard[2m > [22mshould not create booking when submit clicked without filling fields[32m 155[2mms[22m[39m
   [32m✓[39m BookingWizard[2m > [22mshould render header and footer[32m 89[2mms[22m[39m
 [32m✓[39m src/components/booking/__tests__/DateTimeSelection.test.tsx [2m([22m[2m14 tests[22m[2m)[22m[33m 2330[2mms[22m[39m
   [33m[2m✓[22m[39m DateTimeSelection[2m > [22mshould render month navigation buttons [33m 602[2mms[22m[39m
   [33m[2m✓[22m[39m DateTimeSelection[2m > [22mshould disable Sundays in the calendar [33m 453[2mms[22m[39m
 [32m✓[39m src/__tests__/integration/App.integration.test.tsx [2m([22m[2m5 tests[22m[2m)[22m[33m 630[2mms[22m[39m
stderr | src/hooks/__tests__/useClientProfile.test.ts > useClientProfile > should handle fetch error
Error fetching client profile: { message: 'Unauthorized', code: '401' }

 [32m✓[39m src/hooks/__tests__/useClientProfile.test.ts [2m([22m[2m6 tests[22m[2m)[22m[33m 778[2mms[22m[39m
stderr | src/components/booking/__tests__/ServiceSelection.test.tsx
Error: Not implemented: navigation (except hash changes)
    at module.exports (C:\Users\42195\Documents\git-connect-hub\node_modules\jsdom\lib\jsdom\browser\not-implemented.js:9:17)
    at navigateFetch (C:\Users\42195\Documents\git-connect-hub\node_modules\jsdom\lib\jsdom\living\window\navigation.js:77:3)
    at exports.navigate (C:\Users\42195\Documents\git-connect-hub\node_modules\jsdom\lib\jsdom\living\window\navigation.js:55:3)
    at Timeout._onTimeout (C:\Users\42195\Documents\git-connect-hub\node_modules\jsdom\lib\jsdom\living\nodes\HTMLHyperlinkElementUtils-impl.js:81:7)
    at listOnTimeout (node:internal/timers:588:17)
    at processTimers (node:internal/timers:523:7) undefined

 [32m✓[39m src/components/booking/__tests__/ServiceSelection.test.tsx [2m([22m[2m11 tests[22m[2m)[22m[33m 853[2mms[22m[39m
   [33m[2m✓[22m[39m ServiceSelection[2m > [22mshould render all regular services as buttons [33m 306[2mms[22m[39m
 [32m✓[39m src/components/__tests__/ThemeToggle.test.tsx [2m([22m[2m5 tests[22m[2m)[22m[33m 536[2mms[22m[39m
 [32m✓[39m src/components/__tests__/BookingComponents.test.tsx [2m([22m[2m10 tests[22m[2m)[22m[33m 786[2mms[22m[39m
   [33m[2m✓[22m[39m SplashScreen[2m > [22mshould render FYZIO&FIT branding [33m 318[2mms[22m[39m
stderr | src/hooks/__tests__/useClientBookings.test.ts > useClientBookings > should handle bookings error
Error fetching bookings: { message: 'DB error', code: '500' }

 [32m✓[39m src/hooks/__tests__/useClientBookings.test.ts [2m([22m[2m5 tests[22m[2m)[22m[33m 591[2mms[22m[39m
stderr | src/hooks/__tests__/useServices.test.ts > useServices > should handle fetch error
Error fetching services: { message: 'DB error', code: '500' }

 [32m✓[39m tests/integration/useTimeSlots.test.tsx [2m([22m[2m3 tests[22m[2m)[22m[33m 392[2mms[22m[39m
 [32m✓[39m src/hooks/__tests__/useServices.test.ts [2m([22m[2m4 tests[22m[2m)[22m[33m 583[2mms[22m[39m
   [33m[2m✓[22m[39m useServices[2m > [22mshould fetch and map services with SK language [33m 316[2mms[22m[39m
stderr | src/__tests__/routing/Routing.test.tsx > Routing > should render 404 page for unknown routes
404 Error: User attempted to access non-existent route: /nonexistent
⚠️ React Router Future Flag Warning: React Router will begin wrapping state updates in `React.startTransition` in v7. You can use the `v7_startTransition` future flag to opt-in early. For more information, see https://reactrouter.com/v6/upgrading/future#v7_starttransition.
⚠️ React Router Future Flag Warning: Relative route resolution within Splat routes is changing in v7. You can use the `v7_relativeSplatPath` future flag to opt-in early. For more information, see https://reactrouter.com/v6/upgrading/future#v7_relativesplatpath.

stderr | src/hooks/__tests__/useFavoriteServices.test.ts > useFavoriteServices > should handle fetch error
Error fetching favorites: { message: 'DB error' }

stderr | src/__tests__/routing/Routing.test.tsx > Routing > should have home link on 404 page
404 Error: User attempted to access non-existent route: /unknown

 [32m✓[39m src/__tests__/routing/Routing.test.tsx [2m([22m[2m3 tests[22m[2m)[22m[32m 235[2mms[22m[39m
stderr | src/__tests__/api/ApiService.test.ts > API Service Layer > Error Handling Patterns > should propagate database errors correctly
Error fetching services: { message: 'Connection timeout', code: 'TIMEOUT' }

stderr | src/hooks/__tests__/useFavoriteServices.test.ts > useFavoriteServices > should expose toggleFavorite function
Error fetching favorites: { message: 'DB error' }

 [32m✓[39m src/hooks/__tests__/useFavoriteServices.test.ts [2m([22m[2m5 tests[22m[2m)[22m[33m 452[2mms[22m[39m
 [32m✓[39m src/__tests__/api/ApiService.test.ts [2m([22m[2m6 tests[22m[2m)[22m[33m 457[2mms[22m[39m
stderr | src/components/__tests__/CookieBanner.test.tsx > CookieBanner > should not show banner if consent was already accepted
⚠️ React Router Future Flag Warning: React Router will begin wrapping state updates in `React.startTransition` in v7. You can use the `v7_startTransition` future flag to opt-in early. For more information, see https://reactrouter.com/v6/upgrading/future#v7_starttransition.
⚠️ React Router Future Flag Warning: Relative route resolution within Splat routes is changing in v7. You can use the `v7_relativeSplatPath` future flag to opt-in early. For more information, see https://reactrouter.com/v6/upgrading/future#v7_relativesplatpath.

 [32m✓[39m src/components/__tests__/CookieBanner.test.tsx [2m([22m[2m7 tests[22m[2m)[22m[32m 279[2mms[22m[39m
 [32m✓[39m src/__tests__/i18n/Localization.test.tsx [2m([22m[2m12 tests[22m[2m)[22m[32m 174[2mms[22m[39m
 [32m✓[39m src/components/__tests__/LanguageSwitcher.test.tsx [2m([22m[2m5 tests[22m[2m)[22m[32m 180[2mms[22m[39m
 [32m✓[39m src/__tests__/snapshots/Snapshots.test.tsx [2m([22m[2m6 tests[22m[2m)[22m[32m 160[2mms[22m[39m
 [32m✓[39m src/__tests__/seo/Seo.test.tsx [2m([22m[2m10 tests[22m[2m)[22m[32m 100[2mms[22m[39m
 [32m✓[39m src/__tests__/a11y/ContrastAndTypography.test.tsx [2m([22m[2m32 tests[22m[2m)[22m[32m 28[2mms[22m[39m
 [32m✓[39m src/components/__tests__/OfflineBanner.test.tsx [2m([22m[2m5 tests[22m[2m)[22m[32m 153[2mms[22m[39m
 [32m✓[39m src/lib/__tests__/utils.test.ts [2m([22m[2m10 tests[22m[2m)[22m[32m 28[2mms[22m[39m
 [32m✓[39m src/hooks/__tests__/useMobile.test.ts [2m([22m[2m6 tests[22m[2m)[22m[32m 94[2mms[22m[39m
 [32m✓[39m src/components/__tests__/PWAUpdatePrompt.test.tsx [2m([22m[2m4 tests[22m[2m)[22m[32m 170[2mms[22m[39m
 [32m✓[39m src/hooks/__tests__/useToast.test.ts [2m([22m[2m8 tests[22m[2m)[22m[32m 13[2mms[22m[39m
 [32m✓[39m src/components/booking/bookingErrorMessages.test.ts [2m([22m[2m2 tests[22m[2m)[22m[32m 6[2mms[22m[39m
 [32m✓[39m src/components/booking/slotStyles.test.ts [2m([22m[2m2 tests[22m[2m)[22m[32m 8[2mms[22m[39m
 [32m✓[39m src/lib/__tests__/getBookingDuration.test.ts [2m([22m[2m7 tests[22m[2m)[22m[32m 98[2mms[22m[39m
 [32m✓[39m tests/unit/calendar-utils.test.ts [2m([22m[2m3 tests[22m[2m)[22m[32m 13[2mms[22m[39m

⎯⎯⎯⎯⎯⎯⎯ Failed Tests 5 ⎯⎯⎯⎯⎯⎯⎯

 FAIL  src/hooks/__tests__/useCreateBooking.test.ts > useCreateBooking > should call create-booking edge function with correct payload
AssertionError: expected "spy" to be called with arguments: [ Array(2) ]

Received: 

  1st spy call:

@@ -3,11 +3,13 @@
    {
      "body": {
        "client_email": "test@example.com",
        "client_name": "Test User",
        "client_phone": "+421900000000",
+       "client_request_id": undefined,
        "date": "2026-03-15",
+       "employee_id": null,
        "notes": "Test note",
        "service_id": "svc-1",
        "time_slot": "10:00",
      },
    },


Number of calls: 1

 ❯ src/hooks/__tests__/useCreateBooking.test.ts:52:24
     50|     await waitFor(() => expect(result.current.isSuccess).toBe(true));
     51| 
     52|     expect(mockInvoke).toHaveBeenCalledWith('create-booking', {
       |                        ^
     53|       body: {
     54|         service_id: 'svc-1',

⎯⎯⎯⎯⎯⎯⎯⎯⎯⎯⎯⎯⎯⎯⎯⎯⎯⎯⎯⎯⎯⎯⎯⎯[1/5]⎯

 FAIL  src/hooks/__tests__/useTimeSlots.test.ts > useTimeSlots > should generate time slots from config
AssertionError: expected false to be true // Object.is equality

Ignored nodes: comments, script, style
<html>
  <head />
  <body>
    <div />
  </body>
</html>

- Expected
+ Received

- true
+ false

 ❯ src/hooks/__tests__/useTimeSlots.test.ts:83:58
     81| 
     82|     const { result } = renderHook(() => useTimeSlots(date), { wrapper:…
     83|     await waitFor(() => expect(result.current.isSuccess).toBe(true));
       |                                                          ^
     84| 
     85|     expect(result.current.data).toEqual([
 ❯ runWithExpensiveErrorDiagnosticsDisabled node_modules/@testing-library/dom/dist/config.js:47:12
 ❯ checkCallback node_modules/@testing-library/dom/dist/wait-for.js:124:77
 ❯ Timeout.checkRealTimersCallback node_modules/@testing-library/dom/dist/wait-for.js:118:16

⎯⎯⎯⎯⎯⎯⎯⎯⎯⎯⎯⎯⎯⎯⎯⎯⎯⎯⎯⎯⎯⎯⎯⎯[2/5]⎯

 FAIL  src/hooks/__tests__/useTimeSlots.test.ts > useTimeSlots > should mark slots as unavailable when fully booked
AssertionError: expected false to be true // Object.is equality

Ignored nodes: comments, script, style
<html>
  <head />
  <body>
    <div />
  </body>
</html>

- Expected
+ Received

- true
+ false

 ❯ src/hooks/__tests__/useTimeSlots.test.ts:108:58
    106| 
    107|     const { result } = renderHook(() => useTimeSlots(date), { wrapper:…
    108|     await waitFor(() => expect(result.current.isSuccess).toBe(true));
       |                                                          ^
    109| 
    110|     expect(result.current.data).toEqual([
 ❯ runWithExpensiveErrorDiagnosticsDisabled node_modules/@testing-library/dom/dist/config.js:47:12
 ❯ checkCallback node_modules/@testing-library/dom/dist/wait-for.js:124:77
 ❯ Timeout.checkRealTimersCallback node_modules/@testing-library/dom/dist/wait-for.js:118:16

⎯⎯⎯⎯⎯⎯⎯⎯⎯⎯⎯⎯⎯⎯⎯⎯⎯⎯⎯⎯⎯⎯⎯⎯[3/5]⎯

 FAIL  src/hooks/__tests__/useTimeSlots.test.ts > useTimeSlots > should carry occupied state to the starting slot for multi-slot services
AssertionError: expected false to be true // Object.is equality

Ignored nodes: comments, script, style
<html>
  <head />
  <body>
    <div />
  </body>
</html>

- Expected
+ Received

- true
+ false

 ❯ src/hooks/__tests__/useTimeSlots.test.ts:135:58
    133| 
    134|     const { result } = renderHook(() => useTimeSlots(date, 60), { wrap…
    135|     await waitFor(() => expect(result.current.isSuccess).toBe(true));
       |                                                          ^
    136| 
    137|     expect(result.current.data).toEqual([
 ❯ runWithExpensiveErrorDiagnosticsDisabled node_modules/@testing-library/dom/dist/config.js:47:12
 ❯ checkCallback node_modules/@testing-library/dom/dist/wait-for.js:124:77
 ❯ Timeout.checkRealTimersCallback node_modules/@testing-library/dom/dist/wait-for.js:118:16

⎯⎯⎯⎯⎯⎯⎯⎯⎯⎯⎯⎯⎯⎯⎯⎯⎯⎯⎯⎯⎯⎯⎯⎯[4/5]⎯

 FAIL  src/components/booking/__tests__/BookingWizard.test.tsx > BookingWizard > should display services in step 1
TestingLibraryElementError: Found multiple elements with the text: Fyzioterapia

Here are the matching elements:

Ignored nodes: comments, script, style
<h3
  class="text-[10px] font-bold uppercase tracking-[0.2em] text-muted-foreground/60 px-1"
>
  Fyzioterapia
</h3>

Ignored nodes: comments, script, style
<p
  class="text-sm font-medium text-foreground leading-snug"
>
  Fyzioterapia
</p>

(If this is intentional, then use the `*AllBy*` variant of the query (like `queryAllByText`, `getAllByText`, or `findAllByText`)).

Ignored nodes: comments, script, style
<body>
  <div>
    <div
      class="min-h-app-screen relative flex flex-col"
    >
      <div
        data-testid="booking-header"
      >
        Header
      </div>
      <div
        class="container max-w-2xl mx-auto px-4 py-3 sm:py-5 flex-1 relative z-10"
      >
        <section
          class="mb-3 sm:mb-4"
        >
          <div
            class="flex items-center gap-3"
          >
            <div
              animate="[object Object]"
              class="w-7 h-7 rounded-full flex items-center justify-center text-[11px] font-semibold flex-shrink-0 shadow-[0_8px_20px_rgba(126,195,255,0.12)] bg-white/72 text-[hsl(var(--navy))] border border-[rgba(64,114,163,0.16)] backdrop-blur-md"
              transition="[object Object]"
            >
              <span
                animate="[object Object]"
                exit="[object Object]"
                initial="[object Object]"
                transition="[object Object]"
              >
                1
              </span>
            </div>
            <span
              class="text-sm font-semibold tracking-tight text-[hsl(var(--soft-navy))]"
            >
              Vyberte službu
            </span>
          </div>
          <div
            class="mt-2"
          >
            <div
              class="surface-card p-3 sm:p-4 md:p-5 relative"
            >
              <div
                class="relative z-[2]"
              >
                <div
                  class="space-y-6"
                >
                  <div
                    class="space-y-2"
                  >
                    <h3
                      class="text-[10px] font-bold uppercase tracking-[0.2em] text-muted-foreground/60 px-1"
                    >
                      Fyzioterapia
                    </h3>
                    <div
                      class="space-y-1.5"
                    >
                      <button
                        class="w-full flex items-start gap-3 px-3 py-2.5 rounded-xl text-left transition-all duration-300 ease-liquid focus:outline-none focus-visible:ring-2 focus-visible:ring-ring border backdrop-blur-sm border-[var(--glass-border-subtle)] bg-[var(--glass-white)] hover:border-[var(--glass-border)] hover:bg-[var(--glass-white-md)] hover:-translate-y-0.5 hover:shadow-glass"
                      >
                        <div
                          class="mt-1 flex-shrink-0"
                        >
                          <div
                            class="w-4 h-4 rounded-full border-2 flex items-center justify-center transition-all duration-300 ease-liquid border-muted-foreground/30"
                          />
                        </div>
                        <div
                          class="flex-1 min-w-0"
                        >
                          <div
                            class="flex items-center gap-2"
                          >
                            <svg
                              class="lucide lucide-activity w-3.5 h-3.5 text-muted-foreground/70"
                              fill="none"
                              height="24"
                              stroke="currentColor"
                              stroke-linecap="round"
                              stroke-linejoin="round"
                              stroke-width="2"
                              viewBox="0 0 24 24"
                              width="24"
                              xmlns="http://www.w3.org/2000/svg"
                            >
                              <path
                                d="M22 12h-2.48a2 2 0 0 0-1.93 1.46l-2.35 8.36a.25.25 0 0 1-.48 0L9.24 2.18a.25.25 0 0 0-.48 0l-2.35 8.36A2 2 0 0 1 4.49 12H2"
                              />
                            </svg>
                            <p
                              class="text-sm font-medium text-foreground leading-snug"
                            >
                              Fyzioterapia
                            </p>
                          </div>
                          <p
                            class="text-[11px] text-muted-foreground leading-relaxed mt-0.5"
                          >
                            Cielené ošetrenie
                             (
                            30
                            min
                            )
                          </p>
                        </div>
                        <span
                          class="text-sm font-bold font-data whitespace-nowrap mt-0.5 transition-colors duration-200 text-foreground"
                        >
                          65
                           €
                        </span>
                      </button>
                    </div>
                  </div>
                </div>
              </div>
            </div>
          </div>
        </section>
        <section
          animate="[object Object]"
          class="mb-3 sm:mb-4 scroll-mt-20 sm:scroll-mt-28 pointer-events-none"
          style="opacity: 0.3;"
          transition="[object Object]"
        >
          <div
            class="flex items-center gap-6 mb-2"
          >
            <div
              class="fl...
 ❯ Object.getElementError node_modules/@testing-library/dom/dist/config.js:37:19
 ❯ getElementError node_modules/@testing-library/dom/dist/query-helpers.js:20:35
 ❯ getMultipleElementsFoundError node_modules/@testing-library/dom/dist/query-helpers.js:23:10
 ❯ node_modules/@testing-library/dom/dist/query-helpers.js:55:13
 ❯ getByText node_modules/@testing-library/dom/dist/query-helpers.js:95:19
 ❯ src/components/booking/__tests__/BookingWizard.test.tsx:136:23
    134|         render(<BookingWizard />);
    135| 
    136|         expect(screen.getByText('Fyzioterapia')).toBeInTheDocument();
       |                       ^
    137|         expect(screen.getByText('65 €')).toBeInTheDocument();
    138|     });

⎯⎯⎯⎯⎯⎯⎯⎯⎯⎯⎯⎯⎯⎯⎯⎯⎯⎯⎯⎯⎯⎯⎯⎯[5/5]⎯


[2m Test Files [22m [1m[31m3 failed[39m[22m[2m | [22m[1m[32m33 passed[39m[22m[90m (36)[39m
[2m      Tests [22m [1m[31m5 failed[39m[22m[2m | [22m[1m[32m268 passed[39m[22m[90m (273)[39m
[2m   Start at [22m 23:30:15
[2m   Duration [22m 31.92s[2m (transform 5.07s, setup 23.75s, collect 61.83s, tests 21.54s, environment 120.22s, prepare 21.12s)[22m

