
Running 2 tests using 2 workers

  ✘  2 [chromium] › tests\e2e\booking-flow.spec.ts:12:5 › Booking wizard smoke flow › should progress through the booking wizard steps (6.9s)
  ✘  1 [chromium] › tests\e2e\booking-flow.spec.ts:56:5 › Booking wizard smoke flow › should show validation errors on the last step (30.2s)


  1) [chromium] › tests\e2e\booking-flow.spec.ts:12:5 › Booking wizard smoke flow › should progress through the booking wizard steps 

    Error: [2mexpect([22m[31mlocator[39m[2m).[22mtoBeVisible[2m([22m[2m)[22m failed

    Locator: locator('button:has-text("Fyzioterapia"), button:has-text("Vstupné vyšetrenie")').first()
    Expected: visible
    Timeout: 5000ms
    Error: element(s) not found

    Call log:
    [2m  - Expect "toBeVisible" with timeout 5000ms[22m
    [2m  - waiting for locator('button:has-text("Fyzioterapia"), button:has-text("Vstupné vyšetrenie")').first()[22m


      18 |         // Find a service button
      19 |         const serviceButton = page.locator('button:has-text("Fyzioterapia"), button:has-text("Vstupné vyšetrenie")').first();
    > 20 |         await expect(serviceButton).toBeVisible();
         |                                     ^
      21 |         await serviceButton.click();
      22 |
      23 |         // Step 2: Select Date (Calendar should be visible)
        at C:\Users\42195\Documents\git-connect-hub\tests\e2e\booking-flow.spec.ts:20:37

    Error Context: test-results\booking-flow-Booking-wizar-19de6-gh-the-booking-wizard-steps-chromium\error-context.md

  2) [chromium] › tests\e2e\booking-flow.spec.ts:56:5 › Booking wizard smoke flow › should show validation errors on the last step 

    [31mTest timeout of 30000ms exceeded.[39m

    Error: locator.click: Test timeout of 30000ms exceeded.
    Call log:
    [2m  - waiting for locator('button:has-text("Fyzioterapia"), button:has-text("Vstupné vyšetrenie")').first()[22m


      58 |
      59 |         // Navigate to the last step (service -> date -> time)
    > 60 |         await page.locator('button:has-text("Fyzioterapia"), button:has-text("Vstupné vyšetrenie")').first().click();
         |                                                                                                              ^
      61 |         
      62 |         const dayButton = page.locator('button[name="day"]:not([disabled]):not(.day-outside)').first();
      63 |         await dayButton.click();
        at C:\Users\42195\Documents\git-connect-hub\tests\e2e\booking-flow.spec.ts:60:110

    Error Context: test-results\booking-flow-Booking-wizar-4b91f-ion-errors-on-the-last-step-chromium\error-context.md

  2 failed
    [chromium] › tests\e2e\booking-flow.spec.ts:12:5 › Booking wizard smoke flow › should progress through the booking wizard steps 
    [chromium] › tests\e2e\booking-flow.spec.ts:56:5 › Booking wizard smoke flow › should show validation errors on the last step 

To open last HTML report run:
[36m[39m
[36m  npx playwright show-report[39m
[36m[39m
